[21:03:29] === Stage 1: build_douyin_worklist ===
[19:19:53] === Stage 1: build_douyin_worklist ===
[19:19:53]   工作清单轮1:     1820 ->     1820
[19:19:53]   工作清单无新增, 进入 Stage 2
[19:19:53] === Stage 2: scrape_1688_for_douyin ===
[19:22:54]   抓详情轮1:     1820 ->     1820
[19:22:54]   抓详情无新增, 进入 Stage 3
[19:22:54] === Stage 3: create_douyin_product ===
[19:35:20]   建商品轮1 完成(还有剩余, 续跑)
[19:45:25]   建商品轮2 完成(还有剩余, 续跑)
[19:58:01]   建商品轮3 完成(还有剩余, 续跑)
[20:10:46]   建商品轮4 完成(还有剩余, 续跑)
[20:23:16]   建商品轮5 完成(还有剩余, 续跑)
[20:34:40]   建商品轮6 完成(还有剩余, 续跑)
[20:47:21]   建商品轮7 完成(还有剩余, 续跑)
[21:00:01]   建商品轮8 完成(还有剩余, 续跑)
[21:13:06]   建商品轮9 完成(还有剩余, 续跑)
[21:25:42]   建商品轮10 完成(还有剩余, 续跑)
[21:38:18]   建商品轮11 完成(还有剩余, 续跑)
[21:51:04]   建商品轮12 完成(还有剩余, 续跑)
[22:03:44]   建商品轮13 完成(还有剩余, 续跑)
[22:16:24]   建商品轮14 完成(还有剩余, 续跑)
[22:27:45]   建商品轮15 完成(还有剩余, 续跑)
[22:40:25]   建商品轮16 完成(还有剩余, 续跑)
[22:53:00]   建商品轮17 完成(还有剩余, 续跑)
[23:06:44]   建商品轮18 完成(还有剩余, 续跑)
[23:18:18]   建商品轮19 完成(还有剩余, 续跑)
[23:33:01]   建商品轮20 完成(还有剩余, 续跑)
[23:47:01]   建商品轮21 完成(还有剩余, 续跑)
[23:59:28]   建商品轮22 完成(还有剩余, 续跑)
[00:12:10]   建商品轮23 完成(还有剩余, 续跑)
[00:24:51]   建商品轮24 完成(还有剩余, 续跑)
[00:37:20]   建商品轮25 完成(还有剩余, 续跑)
[00:48:53]   建商品轮26 完成(还有剩余, 续跑)
[01:01:28]   建商品轮27 完成(还有剩余, 续跑)
[01:13:58]   建商品轮28 完成(还有剩余, 续跑)
[01:26:26]   建商品轮29 完成(还有剩余, 续跑)
[01:38:56]   建商品轮30 完成(还有剩余, 续跑)
[01:51:48]   建商品轮31 完成(还有剩余, 续跑)
[02:04:21]   建商品轮32 完成(还有剩余, 续跑)
[02:17:02]   建商品轮33 完成(还有剩余, 续跑)
[02:29:35]   建商品轮34 完成(还有剩余, 续跑)
[02:42:13]   建商品轮35 完成(还有剩余, 续跑)
[02:54:47]   建商品轮36 完成(还有剩余, 续跑)
[03:07:21]   建商品轮37 完成(还有剩余, 续跑)
[03:19:53]   建商品轮38 完成(还有剩余, 续跑)
[03:32:27]   建商品轮39 完成(还有剩余, 续跑)
[03:44:57]   建商品轮40 完成(还有剩余, 续跑)
[03:57:27]   建商品轮41 完成(还有剩余, 续跑)
[04:11:02]   建商品轮42 完成(还有剩余, 续跑)
[04:23:43]   建商品轮43 完成(还有剩余, 续跑)
[04:35:01]   建商品轮44 完成(还有剩余, 续跑)
[04:47:33]   建商品轮45 完成(还有剩余, 续跑)
[05:00:14]   建商品轮46 完成(还有剩余, 续跑)
[05:12:59]   建商品轮47 完成(还有剩余, 续跑)
[05:25:17]   建商品轮48 完成(还有剩余, 续跑)
[05:37:54]   建商品轮49 完成(还有剩余, 续跑)
[05:50:25]   建商品轮50 完成(还有剩余, 续跑)
[06:01:51]   建商品轮51 完成(还有剩余, 续跑)
[06:14:24]   建商品轮52 完成(还有剩余, 续跑)
[06:25:47]   建商品轮53 完成(还有剩余, 续跑)
[06:38:31]   建商品轮54 完成(还有剩余, 续跑)
[06:50:56]   建商品轮55 完成(还有剩余, 续跑)
[07:02:16]   建商品轮56 完成(还有剩余, 续跑)
[07:13:36]   建商品轮57 完成(还有剩余, 续跑)
[07:26:01]   建商品轮58 完成(还有剩余, 续跑)
